jun-01 07:54:02.901 [main] DEBUG nextflow.cli.Launcher - Setting http proxy: ProxyConfig[protocol=http; host=10.15.206.126; port=3128]
jun-01 07:54:02.923 [main] DEBUG nextflow.cli.Launcher - Setting https proxy: ProxyConfig[protocol=https; host=10.15.206.126; port=3128]
jun-01 07:54:02.924 [main] DEBUG nextflow.cli.Launcher - $> nextflow run ../main.nf --input /mnt/data_local/pipes/structural/PhiPsiProt_structural/samplesheet_papain.csv --outdir /mnt/alphafold3_db/test_papain/outdir_af3/ -profile docker --structural_tools AF3 --mode structural --use_gpu true -work-dir /mnt/alphafold3_db/work -resume
jun-01 07:54:02.984 [main] DEBUG nextflow.cli.CmdRun - N E X T F L O W  ~  version 25.10.4
jun-01 07:54:03.001 [main] DEBUG nextflow.plugin.PluginsFacade - Setting up plugin manager > mode=prod; embedded=false; plugins-dir=/home/paula/.nextflow/plugins; core-plugins: nf-amazon@3.4.4,nf-azure@1.20.2,nf-cloudcache@0.5.0,nf-codecommit@0.5.0,nf-console@1.3.0,nf-google@1.23.5,nf-k8s@1.2.2,nf-tower@1.17.5,nf-wave@1.16.1
jun-01 07:54:03.018 [main] INFO  o.pf4j.DefaultPluginStatusProvider - Enabled plugins: []
jun-01 07:54:03.019 [main] INFO  o.pf4j.DefaultPluginStatusProvider - Disabled plugins: []
jun-01 07:54:03.022 [main] INFO  org.pf4j.DefaultPluginManager - PF4J version 3.12.0 in 'deployment' mode
jun-01 07:54:03.035 [main] DEBUG nextflow.util.RetryConfig - Missing nextflow session - using default retry config
jun-01 07:54:03.137 [main] INFO  org.pf4j.AbstractPluginManager - No plugins
jun-01 07:54:03.160 [main] DEBUG nextflow.config.ConfigBuilder - Found config base: /mnt/data_local/pipes/structural/PhiPsiProt_structural/nextflow.config
jun-01 07:54:03.163 [main] DEBUG nextflow.config.ConfigBuilder - Parsing config file: /mnt/data_local/pipes/structural/PhiPsiProt_structural/nextflow.config
jun-01 07:54:03.182 [main] DEBUG nextflow.config.ConfigBuilder - Applying config profile: `docker`
jun-01 07:54:04.572 [main] DEBUG nextflow.config.ConfigBuilder - Available config profiles: [uzl_omics, denbi_qbic, mjolnir_globe, uppmax, incliva, uge, icr_alma, rosalind_uge, lugh, mccleary, test_split_fasta, unibe_ibu, czbiohub_aws, jax, roslin, iris, tes, scw, test_full_boltz, tigem, tubingen_apg, vsc_calcua, pdc_kth, humantechnopole, test_alphafold2_split, stjude, daisybio, eddie, medair, biowulf, bi, test_full_colabfold_webserver, cedars, charliecloud, seattlechildrens, rosalind, cfc, emulate_amd64, uzh, ccga_dx, crick, test_rosettafold_all_atom, ku_sund_danhead, marvin, shifter, biohpc_gen, mana, wehi, arcc, test_full_helixfold3, imperial, maestro, cannon, nci_gadi, test_rosettafold2na, eva_grace, googlebatch, sahmri, kaust, alliance_canada, cambridge, jex, test_helixfold3, test_full_colabfold_multimer, cheaha, nyu_hpc, test, test_full_alphafold2_multimer, gpu, seg_globe, mssm, sanger, test_full_rosettafold2na, pasteur, einstein, ethz_euler, tuos_stanage, test_colabfold_webserver, azurebatch, crukmi, csiro_petrichor, wave, docker, hypatia, psmn, test_full_alphafold2_split, fgcz, conda, mpcdf_viper, dirac, uw_hyak_pedslabs, binac2, genouest, unsw_katana, utd_juno, test_boltz, seawulf, lovelace, test_alphafold3_standard, uct_hpc, aws_tower, bih, cfc_dev, ifb_core, embl_hd, mcw_rcc, alice, giga, ilifu, ki_luria, test_colabfold_local, vai, test_full_esmfold_multimer, unc_longleaf, apollo, test_full_alphafold2_standard, ipop_up, ceci_nic5, ccga_cau, mahuika, apptainer, bigpurple, adcra, pawsey_setonix, vsc_kul_uhasselt, purdue_gautschi, pawsey_nimbus, rki, ucl_myriad, fred_hutch, icr_davros, ceres, purdue_negishi, munin, hasta, shu_bmrc, ebi_codon_slurm, ebc, lrz_cm4, purdue_bell, mamba, york_viking, unc_lccc, awsbatch, wustl_htcf, ceci_dragon2, genotoul, abims, janelia, nu_genomics, oist, arm64, mpcdf, leicester, vsc_ugent, test_alphafold3_download, create, sage, podman, ebi_codon, xanadu, marjorie, computerome, ucd_sonic, test_alphafold2_download, dkfz, bluebear, m3c, test_full, imb, ucl_cscluster, seadragon, qmul_apocrita, engaging, gis, eva, unity, cropdiversityhpc, nygc, test_esmfold, crg, singularity, test_colabfold_download, self_hosted_runner, tufts, debug, hki_genie, test_full_rosettafold_all_atom, cbe, test_full_colabfold_local, test_full_esmfold, phoenix, uod_hpc, fub_curta, fsu_draco]
jun-01 07:54:04.606 [main] DEBUG nextflow.plugin.PluginsFacade - Plugins declared=[nf-schema@2.6.1]
jun-01 07:54:04.607 [main] DEBUG nextflow.plugin.PluginsFacade - Plugins default=[]
jun-01 07:54:04.607 [main] DEBUG nextflow.plugin.PluginsFacade - Plugins resolved requirement=[nf-schema@2.6.1]
jun-01 07:54:04.842 [main] DEBUG n.plugin.HttpPluginRepository - Registry request: https://registry.nextflow.io/api/v1/plugins/dependencies?plugins=nf-schema%402.6.1&nextflowVersion=25.10.4
- code: 200
- body: {"plugins":[{"id":"nf-schema","releases":[{"version":"2.6.1","url":"https://registry.nextflow.io/api/v1/plugins/nf-schema/2.6.1/download/nf-schema-2.6.1.zip","date":"2025-10-27T10:50:21.364829Z","sha512sum":"467832f2987f90e2d2aa8e6d8387e45d4a0406ce8b5579a71fcd506155b85491bc6e978a536d767508a8ed1a4610a60c1f0cd3d9dc226f4fea1ce2973a23d043","requires":">=25.10.0","dependsOn":[],"status":"PUBLISHED"}],"projectUrl":"https://github.com/nextflow-io/nf-schema","provider":"nextflow-io"}]}
jun-01 07:54:04.868 [main] DEBUG nextflow.plugin.PluginUpdater - Installing plugin nf-schema version: 2.6.1
jun-01 07:54:04.874 [main] INFO  org.pf4j.AbstractPluginManager - Plugin 'nf-schema@2.6.1' resolved
jun-01 07:54:04.874 [main] INFO  org.pf4j.AbstractPluginManager - Start plugin 'nf-schema@2.6.1'
jun-01 07:54:04.878 [main] DEBUG nextflow.plugin.BasePlugin - Plugin started nf-schema@2.6.1
jun-01 07:54:04.884 [main] DEBUG n.secret.LocalSecretsProvider - Secrets store: /home/paula/.nextflow/secrets/store.json
jun-01 07:54:04.886 [main] DEBUG nextflow.secret.SecretsLoader - Discovered secrets providers: [nextflow.secret.LocalSecretsProvider@6d7b2319] - activable => nextflow.secret.LocalSecretsProvider@6d7b2319
jun-01 07:54:04.888 [main] DEBUG nextflow.cli.CmdRun - Applied DSL=2 from script declaration
jun-01 07:54:04.908 [main] DEBUG nextflow.cli.CmdRun - Launching `../main.nf` [naughty_darwin] DSL2 - revision: 870df31d2a
jun-01 07:54:04.944 [main] DEBUG nextflow.Session - Session UUID: 9f2f7411-58af-4279-9761-a86e5a53920f
jun-01 07:54:04.945 [main] DEBUG nextflow.Session - Run name: naughty_darwin
jun-01 07:54:04.945 [main] DEBUG nextflow.Session - Executor pool size: 32
jun-01 07:54:04.951 [main] DEBUG nextflow.file.FilePorter - File porter settings maxRetries=3; maxTransfers=50; pollTimeout=null
jun-01 07:54:04.953 [main] DEBUG nextflow.util.ThreadPoolBuilder - Creating thread pool 'FileTransfer' minSize=10; maxSize=96; workQueue=LinkedBlockingQueue[-1]; allowCoreThreadTimeout=false
jun-01 07:54:04.965 [main] DEBUG nextflow.cli.CmdRun - 
  Version: 25.10.4 build 11173
  Created: 10-02-2026 15:17 UTC 
  System: Linux 6.8.0-117-generic
  Runtime: Groovy 4.0.28 on OpenJDK 64-Bit Server VM 17.0.18-internal+0-adhoc.conda.src
  Encoding: UTF-8 (UTF-8)
  Process: 60202@FRS-BINF-01 [127.0.1.1]
  CPUs: 32 - Mem: 82.4 GB (15.5 GB) - Swap: 4 GB (4 GB)
jun-01 07:54:04.984 [main] DEBUG nextflow.Session - Work-dir: /mnt/alphafold3_db/work [ext2/ext3]
jun-01 07:54:05.003 [main] DEBUG nextflow.executor.ExecutorFactory - Extension executors providers=[]
jun-01 07:54:05.011 [main] DEBUG nextflow.Session - Observer factory (v2): LinObserverFactory
jun-01 07:54:05.013 [main] DEBUG nextflow.Session - Observer factory (v2): DefaultObserverFactory
jun-01 07:54:05.027 [main] DEBUG nextflow.Session - Observer factory (v2): ValidationObserverFactory
jun-01 07:54:05.057 [main] DEBUG nextflow.cache.CacheFactory - Using Nextflow cache factory: nextflow.cache.DefaultCacheFactory
jun-01 07:54:05.063 [main] DEBUG nextflow.util.CustomThreadPool - Creating default thread pool > poolSize: 33; maxThreads: 1000
jun-01 07:54:05.129 [main] DEBUG nextflow.Session - Session start
jun-01 07:54:05.133 [main] DEBUG nextflow.trace.TraceFileObserver - Workflow started -- trace file: /mnt/alphafold3_db/test_papain/outdir_af3/pipeline_info/execution_trace_2026-06-01_07-54-03.txt
jun-01 07:54:05.358 [main] DEBUG nextflow.script.ScriptRunner - > Launching execution
jun-01 07:54:06.730 [main] DEBUG nextflow.script.IncludeDef - Loading included plugin extensions with names: [paramsSummaryLog:paramsSummaryLog]; plugin Id: nf-schema
jun-01 07:54:06.735 [main] DEBUG n.validation.config.ValidationConfig - Set `validation.monochromeLogs` to false
jun-01 07:54:06.737 [main] DEBUG n.validation.config.ValidationConfig - Added the following parameters to the ignored parameters: [genomes]
jun-01 07:54:06.744 [main] DEBUG nextflow.script.IncludeDef - Loading included plugin extensions with names: [validateParameters:validateParameters]; plugin Id: nf-schema
jun-01 07:54:06.745 [main] DEBUG nextflow.script.IncludeDef - Loading included plugin extensions with names: [paramsHelp:paramsHelp]; plugin Id: nf-schema
jun-01 07:54:06.748 [main] DEBUG nextflow.script.IncludeDef - Loading included plugin extensions with names: [paramsSummaryMap:paramsSummaryMap]; plugin Id: nf-schema
jun-01 07:54:06.749 [main] DEBUG nextflow.script.IncludeDef - Loading included plugin extensions with names: [samplesheetToList:samplesheetToList]; plugin Id: nf-schema
jun-01 07:54:06.749 [main] DEBUG nextflow.script.IncludeDef - Loading included plugin extensions with names: [paramsHelp:paramsHelp]; plugin Id: nf-schema
jun-01 07:54:06.955 [main] DEBUG nextflow.script.IncludeDef - Loading included plugin extensions with names: [paramsSummaryLog:paramsSummaryLog]; plugin Id: nf-schema
jun-01 07:54:06.956 [main] DEBUG nextflow.script.IncludeDef - Loading included plugin extensions with names: [validateParameters:validateParameters]; plugin Id: nf-schema
jun-01 07:54:06.956 [main] DEBUG nextflow.script.IncludeDef - Loading included plugin extensions with names: [paramsHelp:paramsHelp]; plugin Id: nf-schema
jun-01 07:54:06.957 [main] DEBUG nextflow.script.IncludeDef - Loading included plugin extensions with names: [paramsSummaryMap:paramsSummaryMap]; plugin Id: nf-schema
jun-01 07:54:06.958 [main] DEBUG nextflow.script.IncludeDef - Loading included plugin extensions with names: [samplesheetToList:samplesheetToList]; plugin Id: nf-schema
jun-01 07:54:06.958 [main] DEBUG nextflow.script.IncludeDef - Loading included plugin extensions with names: [paramsHelp:paramsHelp]; plugin Id: nf-schema
jun-01 07:54:07.089 [main] DEBUG nextflow.script.IncludeDef - Loading included plugin extensions with names: [paramsSummaryMap:paramsSummaryMap]; plugin Id: nf-schema
jun-01 07:54:07.170 [main] DEBUG nextflow.script.IncludeDef - Loading included plugin extensions with names: [paramsSummaryLog:paramsSummaryLog]; plugin Id: nf-schema
jun-01 07:54:07.171 [main] DEBUG nextflow.script.IncludeDef - Loading included plugin extensions with names: [validateParameters:validateParameters]; plugin Id: nf-schema
jun-01 07:54:07.171 [main] DEBUG nextflow.script.IncludeDef - Loading included plugin extensions with names: [paramsHelp:paramsHelp]; plugin Id: nf-schema
jun-01 07:54:07.172 [main] DEBUG nextflow.script.IncludeDef - Loading included plugin extensions with names: [paramsSummaryMap:paramsSummaryMap]; plugin Id: nf-schema
jun-01 07:54:07.172 [main] DEBUG nextflow.script.IncludeDef - Loading included plugin extensions with names: [samplesheetToList:samplesheetToList]; plugin Id: nf-schema
jun-01 07:54:07.173 [main] DEBUG nextflow.script.IncludeDef - Loading included plugin extensions with names: [paramsHelp:paramsHelp]; plugin Id: nf-schema
jun-01 07:54:07.544 [main] INFO  nextflow.Nextflow - 
-[2m----------------------------------------------------[0m-
                                        [0;32m,--.[0;30m/[0;32m,-.[0m
[0;34m        ___     __   __   __   ___     [0;32m/,-._.--~'[0m
[0;34m  |\ | |__  __ /  ` /  \ |__) |__         [0;33m}  {[0m
[0;34m  | \| |       \__, \__/ |  \ |___     [0;32m\`-._,-`-,[0m
                                        [0;32m`._,._,'[0m
[0;35m  nf-core/proteinfold 2.0.0[0m
-[2m----------------------------------------------------[0m-

jun-01 07:54:07.570 [main] INFO  nextflow.Nextflow - [1mGlobal options[0m
  [0;34minput                           : [0;32m/mnt/data_local/pipes/structural/PhiPsiProt_structural/samplesheet_papain.csv[0m
  [0;34moutdir                          : [0;32m/mnt/alphafold3_db/test_papain/outdir_af3/[0m
  [0;34muse_gpu                         : [0;32mtrue[0m
  [0;34mgenerate_metrics_report         : [0;32mtrue[0m

[1mColabFold options[0m
  [0;34mcolabfold_db_load_mode          : [0;32m0[0m

[1mAlphaFold3 DBs and parameters links options[0m
  [0;34malphafold3_small_bfd_path       : [0;32m/mnt/alphafold3_db/AF3_FINAL_DB//small_bfd/*[0m
  [0;34malphafold3_params_path          : [0;32m/mnt/alphafold3_db/AF3_FINAL_DB/params/af3.bin[0m
  [0;34malphafold3_mgnify_path          : [0;32m/mnt/alphafold3_db/AF3_FINAL_DB//mgnify/*[0m
  [0;34malphafold3_pdb_mmcif_path       : [0;32m/mnt/alphafold3_db/AF3_FINAL_DB//pdb_mmcif/mmcif_files[0m
  [0;34malphafold3_uniref90_path        : [0;32m/mnt/alphafold3_db/AF3_FINAL_DB//uniref90/*[0m
  [0;34malphafold3_pdb_seqres_path      : [0;32m/mnt/alphafold3_db/AF3_FINAL_DB//pdb_seqres/*[0m
  [0;34malphafold3_uniprot_path         : [0;32m/mnt/alphafold3_db/AF3_FINAL_DB//uniprot/*[0m
  [0;34malphafold3_rnacentral_path      : [0;32m/mnt/alphafold3_db/AF3_FINAL_DB//rnacentral/*[0m
  [0;34malphafold3_nt_rna_path          : [0;32m/mnt/alphafold3_db/AF3_FINAL_DB//nt_rna/*[0m
  [0;34malphafold3_rfam_path            : [0;32m/mnt/alphafold3_db/AF3_FINAL_DB//rfam/*[0m

[1mColabFold DBs and parameters paths options[0m
  [0;34mcolabfold_alphafold2_params_tags: [0;32m[alphafold2_multimer_v1:alphafold_params_colab_2021-10-27, alphafold2_multimer_v2:alphafold_params_colab_2022-03-02, alphafold2_multimer_v3:alphafold_params_colab_2022-12-06, alphafold2_ptm:alphafold_params_2021-07-14][0m

[1mGeneric options[0m
  [0;34mtrace_report_suffix             : [0;32m2026-06-01_07-54-03[0m

[1mCore Nextflow options[0m
  [0;34mrunName                         : [0;32mnaughty_darwin[0m
  [0;34mcontainerEngine                 : [0;32mdocker[0m
  [0;34mlaunchDir                       : [0;32m/mnt/data_local/pipes/structural/PhiPsiProt_structural/run_B_af[0m
  [0;34mworkDir                         : [0;32m/mnt/alphafold3_db/work[0m
  [0;34mprojectDir                      : [0;32m/mnt/data_local/pipes/structural/PhiPsiProt_structural[0m
  [0;34muserName                        : [0;32mpaula[0m
  [0;34mprofile                         : [0;32mdocker[0m
  [0;34mconfigFiles                     : [0;32m/mnt/data_local/pipes/structural/PhiPsiProt_structural/nextflow.config[0m

!! Only displaying parameters that differ from the pipeline defaults !!
-[2m----------------------------------------------------[0m-
jun-01 07:54:07.571 [main] INFO  nextflow.Nextflow - 
* The pipeline
    https://doi.org/10.5281/zenodo.7629996

* The nf-core framework
    https://doi.org/10.1038/s41587-020-0439-x

* Software dependencies
    https://github.com/nf-core/proteinfold/blob/master/CITATIONS.md

jun-01 07:54:07.575 [main] DEBUG n.v.parameters.ParameterValidator - Starting parameters validation
jun-01 07:54:07.678 [main] DEBUG n.v.v.evaluators.SchemaEvaluator - Started validating /mnt/data_local/pipes/structural/PhiPsiProt_structural/samplesheet_papain.csv
jun-01 07:54:07.705 [main] DEBUG n.v.v.evaluators.SchemaEvaluator - Validation of file '/mnt/data_local/pipes/structural/PhiPsiProt_structural/samplesheet_papain.csv' passed!
jun-01 07:54:07.724 [main] WARN  n.v.logging.ValidationLogger - The following invalid input values have been detected:

* --colabfold_alphafold2_params_tags.alphafold2_multimer_v3: alphafold_params_colab_2022-12-06
* --colabfold_alphafold2_params_tags.alphafold2_multimer_v2: alphafold_params_colab_2022-03-02
* --colabfold_alphafold2_params_tags.alphafold2_multimer_v1: alphafold_params_colab_2021-10-27
* --colabfold_alphafold2_params_tags.alphafold2_ptm: alphafold_params_2021-07-14
* --chai1_weights_path: /mnt/data_local/chai_cache/
* --https_proxy: http://10.15.206.126:3128
* --http_proxy: http://10.15.206.126:3128


jun-01 07:54:07.725 [main] DEBUG n.v.parameters.ParameterValidator - Finishing parameters validation
jun-01 07:54:07.781 [main] DEBUG n.script.dsl.ProcessConfigBuilder - Config settings `withLabel:process_single` matches labels `process_single` for process with name NFCORE_PROTEINFOLD:ALPHAFOLD3:FASTA_TO_ALPHAFOLD3_JSON
jun-01 07:54:07.784 [main] DEBUG nextflow.executor.ExecutorFactory - << taskConfig executor: local
jun-01 07:54:07.785 [main] DEBUG nextflow.executor.ExecutorFactory - >> processorType: 'local'
jun-01 07:54:07.789 [main] DEBUG nextflow.executor.Executor - [warm up] executor > local
jun-01 07:54:07.793 [main] DEBUG n.processor.LocalPollingMonitor - Creating local task monitor for executor 'local' > cpus=30; memory=82.4 GB; capacity=32; pollInterval=100ms; dumpInterval=5m
jun-01 07:54:07.794 [main] DEBUG n.processor.TaskPollingMonitor - >>> barrier register (monitor: local)
jun-01 07:54:07.805 [main] DEBUG nextflow.processor.TaskProcessor - Creating process 'NFCORE_PROTEINFOLD:ALPHAFOLD3:FASTA_TO_ALPHAFOLD3_JSON': maxForks=0; fair=false; array=0
jun-01 07:54:07.832 [main] DEBUG n.script.dsl.ProcessConfigBuilder - Config settings `withLabel:process_medium` matches labels `process_medium,process_gpu` for process with name NFCORE_PROTEINFOLD:ALPHAFOLD3:RUN_ALPHAFOLD3
jun-01 07:54:07.833 [main] DEBUG n.script.dsl.ProcessConfigBuilder - Config settings `withLabel:process_gpu` matches labels `process_medium,process_gpu` for process with name NFCORE_PROTEINFOLD:ALPHAFOLD3:RUN_ALPHAFOLD3
jun-01 07:54:07.834 [main] DEBUG n.script.dsl.ProcessConfigBuilder - Config settings `withName:RUN_ALPHAFOLD3` matches process NFCORE_PROTEINFOLD:ALPHAFOLD3:RUN_ALPHAFOLD3
jun-01 07:54:07.835 [main] DEBUG nextflow.executor.ExecutorFactory - << taskConfig executor: local
jun-01 07:54:07.835 [main] DEBUG nextflow.executor.ExecutorFactory - >> processorType: 'local'
jun-01 07:54:07.836 [main] DEBUG nextflow.processor.TaskProcessor - Creating process 'NFCORE_PROTEINFOLD:ALPHAFOLD3:RUN_ALPHAFOLD3': maxForks=1; fair=false; array=0
jun-01 07:54:07.847 [main] DEBUG n.script.dsl.ProcessConfigBuilder - Config settings `withLabel:process_single` matches labels `process_single` for process with name NFCORE_PROTEINFOLD:ALPHAFOLD3:MMCIF2PDB_MODELS
jun-01 07:54:07.849 [main] DEBUG nextflow.executor.ExecutorFactory - << taskConfig executor: local
jun-01 07:54:07.849 [main] DEBUG nextflow.executor.ExecutorFactory - >> processorType: 'local'
jun-01 07:54:07.850 [main] DEBUG nextflow.processor.TaskProcessor - Creating process 'NFCORE_PROTEINFOLD:ALPHAFOLD3:MMCIF2PDB_MODELS': maxForks=0; fair=false; array=0
jun-01 07:54:07.856 [main] DEBUG n.script.dsl.ProcessConfigBuilder - Config settings `withLabel:process_single` matches labels `process_single` for process with name NFCORE_PROTEINFOLD:ALPHAFOLD3:MMCIF2PDB_TOP_RANKED
jun-01 07:54:07.856 [main] DEBUG n.script.dsl.ProcessConfigBuilder - Config settings `withName:MMCIF2PDB_TOP_RANKED` matches process NFCORE_PROTEINFOLD:ALPHAFOLD3:MMCIF2PDB_TOP_RANKED
jun-01 07:54:07.858 [main] DEBUG nextflow.executor.ExecutorFactory - << taskConfig executor: local
jun-01 07:54:07.858 [main] DEBUG nextflow.executor.ExecutorFactory - >> processorType: 'local'
jun-01 07:54:07.858 [main] DEBUG nextflow.processor.TaskProcessor - Creating process 'NFCORE_PROTEINFOLD:ALPHAFOLD3:MMCIF2PDB_TOP_RANKED': maxForks=0; fair=false; array=0
jun-01 07:54:07.887 [main] DEBUG n.script.dsl.ProcessConfigBuilder - Config settings `withLabel:process_single` matches labels `process_single` for process with name NFCORE_PROTEINFOLD:METRICS_REPORT:COLLECT_METRICS
jun-01 07:54:07.889 [main] DEBUG nextflow.executor.ExecutorFactory - << taskConfig executor: local
jun-01 07:54:07.889 [main] DEBUG nextflow.executor.ExecutorFactory - >> processorType: 'local'
jun-01 07:54:07.890 [main] DEBUG nextflow.processor.TaskProcessor - Creating process 'NFCORE_PROTEINFOLD:METRICS_REPORT:COLLECT_METRICS': maxForks=0; fair=false; array=0
jun-01 07:54:07.897 [main] DEBUG n.script.dsl.ProcessConfigBuilder - Config settings `withLabel:process_single` matches labels `process_single` for process with name NFCORE_PROTEINFOLD:METRICS_REPORT:EXTRACT_CHAI_ALL_MODELS
jun-01 07:54:07.899 [main] DEBUG nextflow.executor.ExecutorFactory - << taskConfig executor: local
jun-01 07:54:07.899 [main] DEBUG nextflow.executor.ExecutorFactory - >> processorType: 'local'
jun-01 07:54:07.900 [main] DEBUG nextflow.processor.TaskProcessor - Creating process 'NFCORE_PROTEINFOLD:METRICS_REPORT:EXTRACT_CHAI_ALL_MODELS': maxForks=0; fair=false; array=0
jun-01 07:54:07.913 [main] DEBUG n.script.dsl.ProcessConfigBuilder - Config settings `withLabel:process_single` matches labels `process_single` for process with name NFCORE_PROTEINFOLD:METRICS_REPORT:MERGE_CHAI_SCORES
jun-01 07:54:07.915 [main] DEBUG nextflow.executor.ExecutorFactory - << taskConfig executor: local
jun-01 07:54:07.915 [main] DEBUG nextflow.executor.ExecutorFactory - >> processorType: 'local'
jun-01 07:54:07.915 [main] DEBUG nextflow.processor.TaskProcessor - Creating process 'NFCORE_PROTEINFOLD:METRICS_REPORT:MERGE_CHAI_SCORES': maxForks=0; fair=false; array=0
jun-01 07:54:07.929 [main] DEBUG n.script.dsl.ProcessConfigBuilder - Config settings `withLabel:process_single` matches labels `process_single` for process with name NFCORE_PROTEINFOLD:METRICS_REPORT:GENERATE_METRICS_REPORT
jun-01 07:54:07.931 [main] DEBUG nextflow.executor.ExecutorFactory - << taskConfig executor: local
jun-01 07:54:07.931 [main] DEBUG nextflow.executor.ExecutorFactory - >> processorType: 'local'
jun-01 07:54:07.932 [main] DEBUG nextflow.processor.TaskProcessor - Creating process 'NFCORE_PROTEINFOLD:METRICS_REPORT:GENERATE_METRICS_REPORT': maxForks=0; fair=false; array=0
jun-01 07:54:07.944 [main] DEBUG n.script.dsl.ProcessConfigBuilder - Config settings `withLabel:process_single` matches labels `process_single` for process with name NFCORE_PROTEINFOLD:POST_PROCESSING:GENERATE_REPORT
jun-01 07:54:07.945 [main] DEBUG n.script.dsl.ProcessConfigBuilder - Config settings `withName:GENERATE_REPORT` matches process NFCORE_PROTEINFOLD:POST_PROCESSING:GENERATE_REPORT
jun-01 07:54:07.946 [main] DEBUG nextflow.executor.ExecutorFactory - << taskConfig executor: local
jun-01 07:54:07.946 [main] DEBUG nextflow.executor.ExecutorFactory - >> processorType: 'local'
jun-01 07:54:07.947 [main] DEBUG nextflow.processor.TaskProcessor - Creating process 'NFCORE_PROTEINFOLD:POST_PROCESSING:GENERATE_REPORT': maxForks=0; fair=false; array=0
jun-01 07:54:08.006 [main] DEBUG n.script.dsl.ProcessConfigBuilder - Config settings `withLabel:process_single` matches labels `process_single` for process with name NFCORE_PROTEINFOLD:POST_PROCESSING:MULTIQC
jun-01 07:54:08.007 [main] DEBUG n.script.dsl.ProcessConfigBuilder - Config settings `withName:MULTIQC` matches process NFCORE_PROTEINFOLD:POST_PROCESSING:MULTIQC
jun-01 07:54:08.008 [main] DEBUG nextflow.executor.ExecutorFactory - << taskConfig executor: local
jun-01 07:54:08.008 [main] DEBUG nextflow.executor.ExecutorFactory - >> processorType: 'local'
jun-01 07:54:08.009 [main] DEBUG nextflow.processor.TaskProcessor - Creating process 'NFCORE_PROTEINFOLD:POST_PROCESSING:MULTIQC': maxForks=0; fair=false; array=0
jun-01 07:54:08.024 [main] DEBUG nextflow.Session - Config process names validation disabled as requested
jun-01 07:54:08.026 [main] DEBUG nextflow.Session - Igniting dataflow network (51)
jun-01 07:54:08.030 [main] DEBUG nextflow.processor.TaskProcessor - Starting process > NFCORE_PROTEINFOLD:ALPHAFOLD3:FASTA_TO_ALPHAFOLD3_JSON
jun-01 07:54:08.030 [main] DEBUG nextflow.processor.TaskProcessor - Starting process > NFCORE_PROTEINFOLD:ALPHAFOLD3:RUN_ALPHAFOLD3
jun-01 07:54:08.030 [main] DEBUG nextflow.processor.TaskProcessor - Starting process > NFCORE_PROTEINFOLD:ALPHAFOLD3:MMCIF2PDB_MODELS
jun-01 07:54:08.031 [main] DEBUG nextflow.processor.TaskProcessor - Starting process > NFCORE_PROTEINFOLD:ALPHAFOLD3:MMCIF2PDB_TOP_RANKED
jun-01 07:54:08.031 [main] DEBUG nextflow.processor.TaskProcessor - Starting process > NFCORE_PROTEINFOLD:METRICS_REPORT:COLLECT_METRICS
jun-01 07:54:08.031 [main] DEBUG nextflow.processor.TaskProcessor - Starting process > NFCORE_PROTEINFOLD:METRICS_REPORT:EXTRACT_CHAI_ALL_MODELS
jun-01 07:54:08.031 [main] DEBUG nextflow.processor.TaskProcessor - Starting process > NFCORE_PROTEINFOLD:METRICS_REPORT:MERGE_CHAI_SCORES
jun-01 07:54:08.032 [main] DEBUG nextflow.processor.TaskProcessor - Starting process > NFCORE_PROTEINFOLD:METRICS_REPORT:GENERATE_METRICS_REPORT
jun-01 07:54:08.032 [main] DEBUG nextflow.processor.TaskProcessor - Starting process > NFCORE_PROTEINFOLD:POST_PROCESSING:GENERATE_REPORT
jun-01 07:54:08.032 [main] DEBUG nextflow.processor.TaskProcessor - Starting process > NFCORE_PROTEINFOLD:POST_PROCESSING:MULTIQC
jun-01 07:54:08.033 [main] DEBUG nextflow.script.ScriptRunner - Parsed script files:
  Script_ac258ef1994281e8: /mnt/data_local/pipes/structural/PhiPsiProt_structural/modules/nf-core/untar/main.nf
  Script_b4971a8adbe8ce0c: /mnt/data_local/pipes/structural/PhiPsiProt_structural/subworkflows/local/prepare_esmfold_dbs.nf
  Script_15db0e8d9062b311: /mnt/data_local/pipes/structural/PhiPsiProt_structural/modules/local/multifasta_to_singlefasta/main.nf
  Script_220b170b361e8403: /mnt/data_local/pipes/structural/PhiPsiProt_structural/modules/local/run_alphafold2_pred/main.nf
  Script_8f8c7d0f2a4c48da: /mnt/data_local/pipes/structural/PhiPsiProt_structural/modules/local/compare_structures/main.nf
  Script_9815173de1637996: /mnt/data_local/pipes/structural/PhiPsiProt_structural/modules/local/run_esmfold/main.nf
  Script_5e7ac9f4ba5137ff: /mnt/data_local/pipes/structural/PhiPsiProt_structural/modules/local/run_alphafold2_msa/main.nf
  Script_873c0131ae8ce821: /mnt/data_local/pipes/structural/PhiPsiProt_structural/modules/nf-core/multiqc/main.nf
  Script_cb150fca414734aa: /mnt/data_local/pipes/structural/PhiPsiProt_structural/modules/local/download_pdbmmcif/main.nf
  Script_fbc7130024ee091d: /mnt/data_local/pipes/structural/PhiPsiProt_structural/subworkflows/local/aria2_uncompress.nf
  Script_312cceb1f1600bd8: /mnt/data_local/pipes/structural/PhiPsiProt_structural/modules/local/mmcif2pdb/main.nf
  Script_18e86abc9794b520: /mnt/data_local/pipes/structural/PhiPsiProt_structural/workflows/esmfold.nf
  Script_0e71ed64d05e63f3: /mnt/data_local/pipes/structural/PhiPsiProt_structural/modules/nf-core/gunzip/main.nf
  Script_2879a44389f6ba75: /mnt/data_local/pipes/structural/PhiPsiProt_structural/subworkflows/local/metrics_report/main.nf
  Script_a7b23449dcde0af1: /mnt/data_local/pipes/structural/PhiPsiProt_structural/modules/local/combine_uniprot/main.nf
  Script_654860a90fc16ad7: /mnt/data_local/pipes/structural/PhiPsiProt_structural/modules/local/collect_metrics/main.nf
  Script_faaba73886a1075c: /mnt/data_local/pipes/structural/PhiPsiProt_structural/modules/nf-core/foldseek/easysearch/main.nf
  Script_1809358c99d7cc3b: /mnt/data_local/pipes/structural/PhiPsiProt_structural/modules/local/generate_report/main.nf
  Script_a9bdbb0df6378d1d: /mnt/data_local/pipes/structural/PhiPsiProt_structural/modules/nf-core/aria2/main.nf
  Script_36f0db057009fef5: /mnt/data_local/pipes/structural/PhiPsiProt_structural/modules/local/generate_metrics_report/main.nf
  Script_50f5adeb8d2f6adb: /mnt/data_local/pipes/structural/PhiPsiProt_structural/modules/local/run_alphafold3/main.nf
  Script_081a99adc3498595: /mnt/data_local/pipes/structural/PhiPsiProt_structural/modules/nf-core/unzip/main.nf
  Script_4f612cfd8c52e8cd: /mnt/data_local/pipes/structural/PhiPsiProt_structural/subworkflows/nf-core/utils_nextflow_pipeline/main.nf
  Script_c7d0da8873969bc3: /mnt/data_local/pipes/structural/PhiPsiProt_structural/subworkflows/local/post_processing.nf
  Script_5977f542cd315b9b: /mnt/data_local/pipes/structural/PhiPsiProt_structural/subworkflows/nf-core/utils_nfcore_pipeline/main.nf
  Script_ecb257cd0743e8de: /mnt/data_local/pipes/structural/PhiPsiProt_structural/workflows/chai1.nf
  Script_91c5f8a10030881d: /mnt/data_local/pipes/structural/PhiPsiProt_structural/subworkflows/local/prepare_alphafold3_dbs.nf
  Script_5dec716b325c4e6b: /mnt/data_local/pipes/structural/PhiPsiProt_structural/subworkflows/local/utils_nfcore_proteinfold_pipeline/main.nf
  Script_623dc2cc517aadc9: /mnt/data_local/pipes/structural/PhiPsiProt_structural/modules/local/run_alphafold2/main.nf
  Script_4430c69877d0df70: /mnt/data_local/pipes/structural/PhiPsiProt_structural/main.nf
  Script_f12f92c9c1c048fc: /mnt/data_local/pipes/structural/PhiPsiProt_structural/subworkflows/local/prepare_alphafold2_dbs.nf
  Script_30eec5531e89f777: /mnt/data_local/pipes/structural/PhiPsiProt_structural/modules/local/zstd_decompress/main.nf
  Script_ecef9394b6a46342: /mnt/data_local/pipes/structural/PhiPsiProt_structural/modules/local/download_pdbmmcif_af3/main.nf
  Script_0e522e239c72fa00: /mnt/data_local/pipes/structural/PhiPsiProt_structural/workflows/alphafold2.nf
  Script_1d06c4c2cdff57e4: /mnt/data_local/pipes/structural/PhiPsiProt_structural/modules/local/run_chai1/main.nf
  Script_1a2037a6183f7e1a: /mnt/data_local/pipes/structural/PhiPsiProt_structural/subworkflows/nf-core/utils_nfschema_plugin/main.nf
  Script_8b3dd3ff7ac0b526: /mnt/data_local/pipes/structural/PhiPsiProt_structural/workflows/alphafold3.nf
  Script_e72d28d41417e65a: /mnt/data_local/pipes/structural/PhiPsiProt_structural/modules/local/fasta_to_alphafold3_json/main.nf
jun-01 07:54:08.033 [main] DEBUG nextflow.script.ScriptRunner - > Awaiting termination 
jun-01 07:54:08.033 [main] DEBUG nextflow.Session - Session await
jun-01 07:54:08.117 [Actor Thread 33] DEBUG nextflow.sort.BigSort - Sort completed -- entries: 1; slices: 1; internal sort time: 0.001 s; external sort time: 0.001 s; total time: 0.002 s
jun-01 07:54:08.117 [Actor Thread 31] DEBUG nextflow.sort.BigSort - Sort completed -- entries: 1; slices: 1; internal sort time: 0.001 s; external sort time: 0.001 s; total time: 0.002 s
jun-01 07:54:08.117 [Actor Thread 33] DEBUG nextflow.file.FileCollector - >> temp file exists? false
jun-01 07:54:08.117 [Actor Thread 31] DEBUG nextflow.file.FileCollector - >> temp file exists? false
jun-01 07:54:08.118 [Actor Thread 31] DEBUG nextflow.file.FileCollector - Missed collect-file cache -- cause: java.nio.file.NoSuchFileException: /mnt/alphafold3_db/work/collect-file/aa80f0e7358c4fc9efe6fe5357841d9d
jun-01 07:54:08.118 [Actor Thread 33] DEBUG nextflow.file.FileCollector - Missed collect-file cache -- cause: java.nio.file.NoSuchFileException: /mnt/alphafold3_db/work/collect-file/e91a50ac733e8698202f1226f63cc0b5
jun-01 07:54:08.124 [Actor Thread 15] INFO  nextflow.processor.TaskProcessor - [72/ea6c94] Cached process > NFCORE_PROTEINFOLD:ALPHAFOLD3:FASTA_TO_ALPHAFOLD3_JSON (Papain_01)
jun-01 07:54:08.125 [Actor Thread 33] DEBUG nextflow.file.FileCollector - Saved collect-files list to: /mnt/alphafold3_db/work/collect-file/e91a50ac733e8698202f1226f63cc0b5
jun-01 07:54:08.125 [Actor Thread 31] DEBUG nextflow.file.FileCollector - Saved collect-files list to: /mnt/alphafold3_db/work/collect-file/aa80f0e7358c4fc9efe6fe5357841d9d
jun-01 07:54:08.129 [Actor Thread 31] DEBUG nextflow.file.FileCollector - Deleting file collector temp dir: /mnt/data_local/tmp/nxf-8602471721759145928
jun-01 07:54:08.129 [Actor Thread 33] DEBUG nextflow.file.FileCollector - Deleting file collector temp dir: /mnt/data_local/tmp/nxf-18440399849701125393
jun-01 07:54:08.150 [Actor Thread 15] DEBUG nextflow.util.ThreadPoolBuilder - Creating thread pool 'PublishDir' minSize=10; maxSize=96; workQueue=LinkedBlockingQueue[-1]; allowCoreThreadTimeout=false
jun-01 07:54:09.730 [Actor Thread 17] DEBUG n.processor.TaskFileCollector - Process `NFCORE_PROTEINFOLD:ALPHAFOLD3:RUN_ALPHAFOLD3 (1)` is unable to find [UnixPath]: `/mnt/alphafold3_db/work/67/afafe8df85b05becd08d305ae01b4b/Papain_01_iptm.tsv` (pattern: `Papain_01_iptm.tsv`)
jun-01 07:54:09.731 [Actor Thread 17] INFO  nextflow.processor.TaskProcessor - [67/afafe8] Cached process > NFCORE_PROTEINFOLD:ALPHAFOLD3:RUN_ALPHAFOLD3 (Papain_01)
jun-01 07:54:09.773 [Actor Thread 17] DEBUG nextflow.processor.TaskProcessor - Process NFCORE_PROTEINFOLD:ALPHAFOLD3:RUN_ALPHAFOLD3 > Skipping output binding because one or more optional files are missing: fileoutparam<7:1>
jun-01 07:54:09.786 [Actor Thread 21] INFO  nextflow.processor.TaskProcessor - [99/51b7a1] Cached process > NFCORE_PROTEINFOLD:ALPHAFOLD3:MMCIF2PDB_TOP_RANKED (Papain_01)
jun-01 07:54:09.797 [Actor Thread 15] INFO  nextflow.processor.TaskProcessor - [a9/a88310] Cached process > NFCORE_PROTEINFOLD:ALPHAFOLD3:MMCIF2PDB_MODELS (Papain_01)
jun-01 07:54:09.804 [Actor Thread 29] DEBUG nextflow.sort.BigSort - Sort completed -- entries: 5; slices: 1; internal sort time: 0.002 s; external sort time: 0.001 s; total time: 0.003 s
jun-01 07:54:09.804 [Actor Thread 29] DEBUG nextflow.file.FileCollector - >> temp file exists? true
jun-01 07:54:09.805 [Actor Thread 29] DEBUG nextflow.file.FileCollector - Retrieved cached collect-files from: /mnt/alphafold3_db/work/collect-file/522bc607e87b56256a3d2b684e4ff064
jun-01 07:54:09.806 [Actor Thread 29] DEBUG nextflow.file.FileCollector - Deleting file collector temp dir: /mnt/data_local/tmp/nxf-9384462158935105828
jun-01 07:54:09.842 [Task submitter] DEBUG n.executor.local.LocalTaskHandler - Launch cmd line: /bin/bash -ue .command.run
jun-01 07:54:09.843 [Task submitter] INFO  nextflow.Session - [fa/cde94b] Submitted process > NFCORE_PROTEINFOLD:POST_PROCESSING:MULTIQC (alphafold3)
jun-01 07:54:13.106 [Task monitor] DEBUG n.processor.TaskPollingMonitor - Task completed > TaskHandler[id: 5; name: NFCORE_PROTEINFOLD:POST_PROCESSING:MULTIQC (alphafold3); status: COMPLETED; exit: 0; error: -; workDir: /mnt/alphafold3_db/work/fa/cde94b42fb9afe4b319e3a32c91b81]
jun-01 07:54:13.107 [Task monitor] DEBUG nextflow.util.ThreadPoolBuilder - Creating thread pool 'TaskFinalizer' minSize=10; maxSize=96; workQueue=LinkedBlockingQueue[-1]; allowCoreThreadTimeout=false
jun-01 07:54:13.112 [TaskFinalizer-1] DEBUG nextflow.processor.TaskProcessor - Process NFCORE_PROTEINFOLD:POST_PROCESSING:MULTIQC > Skipping output binding because one or more optional files are missing: fileoutparam<2>
jun-01 07:54:13.114 [main] DEBUG nextflow.Session - Session await > all processes finished
jun-01 07:54:13.205 [Task monitor] DEBUG n.processor.TaskPollingMonitor - <<< barrier arrives (monitor: local) - terminating tasks monitor poll loop
jun-01 07:54:13.206 [main] DEBUG nextflow.Session - Session await > all barriers passed
jun-01 07:54:13.208 [main] DEBUG nextflow.util.ThreadPoolManager - Thread pool 'TaskFinalizer' shutdown completed (hard=false)
jun-01 07:54:13.208 [main] DEBUG nextflow.util.ThreadPoolManager - Thread pool 'PublishDir' shutdown completed (hard=false)
jun-01 07:54:13.211 [main] INFO  nextflow.Nextflow - -[0;35m[nf-core/proteinfold][0;32m Pipeline completed successfully[0m-
jun-01 07:54:13.215 [main] DEBUG n.trace.WorkflowStatsObserver - Workflow completed > WorkflowStats[succeededCount=1; failedCount=0; ignoredCount=0; cachedCount=4; pendingCount=0; submittedCount=0; runningCount=0; retriesCount=0; abortedCount=0; succeedDuration=2.6s; failedDuration=0ms; cachedDuration=1h 11m 14s;loadCpus=0; loadMemory=0; peakRunning=1; peakCpus=1; peakMemory=6 GB; ]
jun-01 07:54:13.386 [main] DEBUG nextflow.trace.ReportObserver - Workflow completed -- rendering execution report
jun-01 07:54:13.596 [main] DEBUG nextflow.trace.TimelineObserver - Workflow completed -- rendering execution timeline
jun-01 07:54:13.622 [main] DEBUG nextflow.trace.TraceFileObserver - Workflow completed -- saving trace file
jun-01 07:54:13.627 [main] DEBUG nextflow.cache.CacheDB - Closing CacheDB done
jun-01 07:54:13.640 [main] INFO  org.pf4j.AbstractPluginManager - Stop plugin 'nf-schema@2.6.1'
jun-01 07:54:13.641 [main] DEBUG nextflow.plugin.BasePlugin - Plugin stopped nf-schema
jun-01 07:54:13.641 [main] DEBUG nextflow.util.ThreadPoolManager - Thread pool 'FileTransfer' shutdown completed (hard=false)
jun-01 07:54:13.642 [main] DEBUG nextflow.script.ScriptRunner - > Execution complete -- Goodbye
