[2026-05-28 10:18:15,568][__main__][INFO] - Found GPU with device_name NVIDIA RTX5000-Ada-16Q. Will run RFdiffusion on NVIDIA RTX5000-Ada-16Q
Reading models from /app/RFdiffusion/rfdiffusion/inference/../../models
[2026-05-28 10:18:15,568][rfdiffusion.inference.model_runners][INFO] - Reading checkpoint from /app/RFdiffusion/rfdiffusion/inference/../../models/Base_ckpt.pt
This is inf_conf.ckpt_path
/app/RFdiffusion/rfdiffusion/inference/../../models/Base_ckpt.pt
Assembling -model, -diffuser and -preprocess configs from checkpoint
USING MODEL CONFIG: self._conf[model][n_extra_block] = 4
USING MODEL CONFIG: self._conf[model][n_main_block] = 32
USING MODEL CONFIG: self._conf[model][n_ref_block] = 4
USING MODEL CONFIG: self._conf[model][d_msa] = 256
USING MODEL CONFIG: self._conf[model][d_msa_full] = 64
USING MODEL CONFIG: self._conf[model][d_pair] = 128
USING MODEL CONFIG: self._conf[model][d_templ] = 64
USING MODEL CONFIG: self._conf[model][n_head_msa] = 8
USING MODEL CONFIG: self._conf[model][n_head_pair] = 4
USING MODEL CONFIG: self._conf[model][n_head_templ] = 4
USING MODEL CONFIG: self._conf[model][d_hidden] = 32
USING MODEL CONFIG: self._conf[model][d_hidden_templ] = 32
USING MODEL CONFIG: self._conf[model][p_drop] = 0.15
USING MODEL CONFIG: self._conf[model][SE3_param_full] = {'num_layers': 1, 'num_channels': 32, 'num_degrees': 2, 'n_heads': 4, 'div': 4, 'l0_in_features': 8, 'l0_out_features': 8, 'l1_in_features': 3, 'l1_out_features': 2, 'num_edge_features': 32}
USING MODEL CONFIG: self._conf[model][SE3_param_topk] = {'num_layers': 1, 'num_channels': 32, 'num_degrees': 2, 'n_heads': 4, 'div': 4, 'l0_in_features': 64, 'l0_out_features': 64, 'l1_in_features': 3, 'l1_out_features': 2, 'num_edge_features': 64}
USING MODEL CONFIG: self._conf[model][freeze_track_motif] = False
USING MODEL CONFIG: self._conf[model][use_motif_timestep] = True
USING MODEL CONFIG: self._conf[diffuser][T] = 50
USING MODEL CONFIG: self._conf[diffuser][b_0] = 0.01
USING MODEL CONFIG: self._conf[diffuser][b_T] = 0.07
USING MODEL CONFIG: self._conf[diffuser][schedule_type] = linear
USING MODEL CONFIG: self._conf[diffuser][so3_type] = igso3
USING MODEL CONFIG: self._conf[diffuser][crd_scale] = 0.25
USING MODEL CONFIG: self._conf[diffuser][so3_schedule_type] = linear
USING MODEL CONFIG: self._conf[diffuser][min_b] = 1.5
USING MODEL CONFIG: self._conf[diffuser][max_b] = 2.5
USING MODEL CONFIG: self._conf[diffuser][min_sigma] = 0.02
USING MODEL CONFIG: self._conf[diffuser][max_sigma] = 1.5
USING MODEL CONFIG: self._conf[preprocess][sidechain_input] = False
USING MODEL CONFIG: self._conf[preprocess][motif_sidechain_input] = True
USING MODEL CONFIG: self._conf[preprocess][d_t1d] = 22
USING MODEL CONFIG: self._conf[preprocess][d_t2d] = 44
USING MODEL CONFIG: self._conf[preprocess][prob_self_cond] = 0.5
USING MODEL CONFIG: self._conf[preprocess][str_self_cond] = True
USING MODEL CONFIG: self._conf[preprocess][predict_previous] = False
WARNING: You are changing diffuser.partial_T from the value this model was trained with. Are you sure you know what you are doing?
[2026-05-28 10:18:24,434][rfdiffusion.inference.model_runners][INFO] - Loading checkpoint.
[2026-05-28 10:18:26,031][rfdiffusion.diffusion][INFO] - Calculating IGSO3.
Successful diffuser __init__
[2026-05-28 10:18:34,358][__main__][INFO] - Making design /output/backbone_design_0
[2026-05-28 10:18:34,358][rfdiffusion.inference.model_runners][INFO] - Using contig: ['4-4']
With this beta schedule (linear schedule, beta_0 = 0.04, beta_T = 0.28), alpha_bar_T = 0.00013696048699785024
[2026-05-28 10:18:34,362][rfdiffusion.inference.model_runners][INFO] - Sequence init: ----
/app/RFdiffusion/rfdiffusion/Embeddings.py:50: UserWarning: __floordiv__ is deprecated, and its behavior will change in a future version of pytorch. It currently rounds toward 0 (like the 'trunc' function NOT 'floor'). This results in incorrect rounding for negative values. To keep the current behavior, use torch.div(a, b, rounding_mode='trunc'), or for actual floor division, use torch.div(a, b, rounding_mode='floor').
  seqsep[:,cur_mask*(seqsep[0]>cur_ncyc//2)] -= cur_ncyc
/app/RFdiffusion/rfdiffusion/Embeddings.py:51: UserWarning: __floordiv__ is deprecated, and its behavior will change in a future version of pytorch. It currently rounds toward 0 (like the 'trunc' function NOT 'floor'). This results in incorrect rounding for negative values. To keep the current behavior, use torch.div(a, b, rounding_mode='trunc'), or for actual floor division, use torch.div(a, b, rounding_mode='floor').
  seqsep[:,cur_mask*(seqsep[0]<-cur_ncyc//2)] += cur_ncyc
/app/RFdiffusion/.venv/lib/python3.9/site-packages/e3nn/o3/_spherical_harmonics.py:82: UserWarning: FALLBACK path has been taken inside: compileCudaFusionGroup. This is an indication that codegen Failed for some reason.
To debug try disable codegen fallback path via setting the env variable `export PYTORCH_NVFUSER_DISABLE=fallback`
To report the issue, try enable logging via setting the envvariable ` export PYTORCH_JIT_LOG_LEVEL=manager.cpp`
 (Triggered internally at  ../torch/csrc/jit/codegen/cuda/manager.cpp:237.)
  sh = _spherical_harmonics(self._lmax, x[..., 0], x[..., 1], x[..., 2])
/app/RFdiffusion/.venv/lib/python3.9/site-packages/e3nn/o3/_spherical_harmonics.py:82: UserWarning: FALLBACK path has been taken inside: runCudaFusionGroup. This is an indication that codegen Failed for some reason.
To debug try disable codegen fallback path via setting the env variable `export PYTORCH_NVFUSER_DISABLE=fallback`
 (Triggered internally at  ../torch/csrc/jit/codegen/cuda/manager.cpp:329.)
  sh = _spherical_harmonics(self._lmax, x[..., 0], x[..., 1], x[..., 2])
[2026-05-28 10:18:38,595][__main__][INFO] - Finished design in 0.07 minutes
